================================
0-add_integer.py doctest
================================

>>> add_integer = __import__('0-add_integer').add_integer

# Regular additions
>>> add_integer(1, 2)
3
>>> add_integer(100, -2)
98
>>> add_integer(2)
100

# Float casting (must be cast to int)
>>> add_integer(1.4, 2)
3
>>> add_integer(100.3, -2)
98
>>> add_integer(-3.9, 2)
-1

# Type errors
>>> add_integer(4, "School")
Traceback (most recent call last):
TypeError: b must be an integer

>>> add_integer("School", 4)
Traceback (most recent call last):
TypeError: a must be an integer

>>> add_integer(None)
Traceback (most recent call last):
TypeError: a must be an integer

# Missing args
>>> add_integer()
Traceback (most recent call last):
TypeError: add_integer() missing 1 required positional argument: 'a'

# Float overflow test
>>> add_integer(1e309, 1)
Traceback (most recent call last):
OverflowError: cannot convert float infinity to integer

# NaN test
>>> add_integer(float('nan'), 1)
Traceback (most recent call last):
ValueError: cannot convert float NaN to integer
